  Determining projects to restore...
  All projects are up-to-date for restore.
  Server -> C:\Users\yadma\source\repos\Yadzzz\Prestige\Server\bin\Debug\net10.0\Server.dll

Build succeeded.
    0 Warning(s)
    0 Error(s)

Time Elapsed 00:00:00.86
